当前日期: 2020/05/10 周日

当前时间:  9:34:07.93

OS 版本:          10.0.17134 暂缺 Build 17134

Volume: \\?\Volume{823dcf56-f892-4f1d-a190-7b501bdef095}\
   Mounted at: C:\
   Extent [1]:
       Disk:   0
       Offset: 84934656
       Length: 127063841792
Volume: \\?\Volume{34364970-a2fe-4d52-9366-44b945670ddd}\
   Mounted at: <unmounted>
   Extent [1]:
       Disk:   0
       Offset: 127149277184
       Length: 886046720
Volume: \\?\Volume{9ce8f433-6440-45e6-b6e0-b7e6fe75752c}\
   Mounted at: D:\
   Extent [1]:
       Disk:   1
       Offset: 135266304
       Length: 500034437120
Volume: \\?\Volume{0f09287d-3cc7-445b-af72-331ea94950fd}\
   Mounted at: E:\
   Extent [1]:
       Disk:   1
       Offset: 500169703424
       Length: 355158189568
       
0:00:38:12

cmd、RTHDVCPL...

无线局域网适配器 WLAN:

   连接特定的 DNS 后缀 . . . . . . . :
   描述. . . . . . . . . . . . . . . : Intel(R) Dual Band Wireless-AC 3168
   物理地址. . . . . . . . . . . . . : 96-EC-9D-61-8E-FD
   DHCP 已启用 . . . . . . . . . . . : 是
   自动配置已启用. . . . . . . . . . : 是
   本地链接 IPv6 地址. . . . . . . . : fe80::edca:5894:a55f:d28b%7(首选)
   IPv4 地址 . . . . . . . . . . . . : 192.168.1.4(首选)
   子网掩码  . . . . . . . . . . . . : 255.255.255.0
   获得租约的时间  . . . . . . . . . : 2020年5月10日 9:06:07
   租约过期的时间  . . . . . . . . . : 2020年5月11日 9:06:06
   默认网关. . . . . . . . . . . . . : fe80::1%7
                                       192.168.1.1
   DHCP 服务器 . . . . . . . . . . . : 192.168.1.1
   DHCPv6 IAID . . . . . . . . . . . : 127331485
   DHCPv6 客户端 DUID  . . . . . . . : 00-03-00-01-96-EC-9D-61-8E-FD
   DNS 服务器  . . . . . . . . . . . : 192.168.1.1
   TCPIP 上的 NetBIOS  . . . . . . . : 已启用
   
   接口列表
 20...80 fa 5b 4c 8d 12 ......Realtek PCIe GBE Family Controller
 21...b0 35 9f 9d 16 c5 ......Microsoft Wi-Fi Direct Virtual Adapter #2
 15...b2 35 9f 9d 16 c4 ......Microsoft Wi-Fi Direct Virtual Adapter #3
 24...00 ff fa 23 cd bf ......TAP-Windows Adapter V9
  7...96 ec 9d 61 8e fd ......Intel(R) Dual Band Wireless-AC 3168
  1...........................Software Loopback Interface 1
===========================================================================

IPv4 路由表
===========================================================================
活动路由:
网络目标        网络掩码          网关       接口   跃点数
          0.0.0.0          0.0.0.0      192.168.1.1      192.168.1.4     55
        127.0.0.0        255.0.0.0            在链路上         127.0.0.1    331
        127.0.0.1  255.255.255.255            在链路上         127.0.0.1    331
  127.255.255.255  255.255.255.255            在链路上         127.0.0.1    331
      192.168.1.0    255.255.255.0            在链路上       192.168.1.4    311
      192.168.1.4  255.255.255.255            在链路上       192.168.1.4    311
    192.168.1.255  255.255.255.255            在链路上       192.168.1.4    311
        224.0.0.0        240.0.0.0            在链路上         127.0.0.1    331
        224.0.0.0        240.0.0.0            在链路上       192.168.1.4    311
  255.255.255.255  255.255.255.255            在链路上         127.0.0.1    331
  255.255.255.255  255.255.255.255            在链路上       192.168.1.4    311
===========================================================================

接口: 192.168.1.4 --- 0x7
  Internet 地址         物理地址              类型
  192.168.1.1           b4-de-df-74-f8-18     动态
  192.168.1.3           20-47-da-c8-1d-80     动态
  192.168.1.6           c8-28-32-3e-94-29     动态
  192.168.1.255         ff-ff-ff-ff-ff-ff     静态
  224.0.0.2             01-00-5e-00-00-02     静态
  224.0.0.22            01-00-5e-00-00-16     静态
  224.0.0.251           01-00-5e-00-00-fb     静态
  224.0.0.252           01-00-5e-00-00-fc     静态
  239.255.255.250       01-00-5e-7f-ff-fa     静态
  255.255.255.255       ff-ff-ff-ff-ff-ff     静态
  
  Name                Pid Pri Thd  Hnd   Priv        CPU Time    Elapsed Time
Idle                  0   0   4    0     52     2:14:45.796     0:53:55.428
System                4   8 191 5240    196     0:01:32.828     0:53:55.428
Registry             96   8   3    0   4216     0:00:00.531     0:53:58.584
smss                440  11   2   52    484     0:00:00.234     0:53:55.423
csrss               744  13  14  838   1996     0:00:01.656     0:53:51.517
wininit             848  13   1  151   1368     0:00:00.015     0:53:49.252
csrss               856  13  15  688   2656     0:00:29.375     0:53:49.248
services            924   9   7  737   5580     0:00:11.296     0:53:49.109
lsass               932   9   9 1364   7400     0:00:02.343     0:53:49.058
winlogon             72  13   6  241   2636     0:00:00.078     0:53:48.943
svchost             676   8   2   84    992     0:00:00.015     0:53:48.760
svchost             840   8  21  979  11048     0:00:05.125     0:53:48.747
fontdrvhost        1032   8   5   45   5456     0:00:05.906     0:53:48.731
fontdrvhost        1036   8   5   45   3592     0:00:00.078     0:53:48.731
svchost            1136   8  19 1191   7764     0:00:08.781     0:53:48.600
svchost            1180   8   7  292   2912     0:00:00.125     0:53:48.573
dwm                1240  13  12  924 103432     0:02:01.171     0:53:48.476
svchost            1424   8   2  186   2196     0:00:00.046     0:53:48.365
svchost            1460   8   3  143   1936     0:00:00.031     0:53:48.345
svchost            1520   8   6  120   1644     0:00:00.015     0:53:48.334
svchost            1560   8   5  167   1996     0:00:00.078     0:53:48.327
svchost            1572   8   9  413   6268     0:00:01.109     0:53:48.324
svchost            1660   8   3  226   2560     0:00:00.156     0:53:48.303
svchost            1708   8  10  440  15080     0:00:01.109     0:53:48.295
svchost            1720   8  17  498  12892     0:00:01.453     0:53:48.293
svchost            1808   8   2  171   2024     0:00:00.046     0:53:48.267
igfxCUIService     1884   8   2  155   1748     0:00:00.000     0:53:48.238
svchost            1948   8   9  243   2788     0:00:00.468     0:53:48.221
svchost            1988   8   4  143   4968     0:00:00.281     0:53:48.198
svchost            1860   8   8  209   2304     0:00:00.546     0:53:48.121
svchost            2164   8   7  375   4600     0:00:00.546     0:53:48.052
svchost            2256   8  12  400   3044     0:00:00.750     0:53:47.969
HipsDaemon         2392   8  42  395  98536     0:01:14.703     0:53:47.860
KMS10              2428   6   2  185   6524     0:00:00.156     0:53:47.841
dllhost            2692   8   3   99   1192     0:00:00.015     0:53:47.576
svchost            2804   8   6  147   1832     0:00:00.281     0:53:46.999
NVDisplay.Container  2900   8   7  234   2956     0:00:00.187     0:53:46.916
svchost            3012   8   7  223   2572     0:00:01.953     0:53:46.854
svchost            3020   8   3  197   1348     0:00:00.296     0:53:46.854
NVDisplay.Container  2280   8  18  448  10380     0:00:02.640     0:53:46.849
svchost            1916   8   4  188   1952     0:00:00.156     0:53:46.835
Memory Compression  1156   8  30    0    324     0:00:03.921     0:53:46.811
svchost            2464   8  11  328   3260     0:00:00.750     0:53:46.711
svchost            2728   8  12  199   5692     0:00:06.140     0:53:46.634
svchost            3112   8   6  140   1844     0:00:00.171     0:53:46.608
svchost            3120   8  11  427   3336     0:00:00.218     0:53:46.608
svchost            3132   8  10  220   3216     0:00:00.890     0:53:46.607
svchost            3324   8   5  173   2152     0:00:01.250     0:53:46.508
svchost            3468   8   9  405   5544     0:00:00.593     0:53:46.431
svchost            3632   8   6  201   2668     0:00:00.078     0:53:46.293
svchost            3712   8   2  129   1584     0:00:00.015     0:53:46.252
spoolsv            3760   8   7  424   5648     0:00:00.140     0:53:46.236
svchost            3848   8   7  185   2156     0:00:00.046     0:53:46.177
svchost            3928   8   3  162   1844     0:00:00.093     0:53:46.140
wlanext            4052   8  10  399   4640     0:00:00.281     0:53:46.042
conhost            4072   8   2  113   5340     0:00:00.000     0:53:46.025
svchost            2308   8   8  160   4120     0:00:00.015     0:53:45.852
svchost            2208   8   3  458   3136     0:00:01.000     0:53:45.846
svchost            2376   8  13  642  13200     0:00:02.265     0:53:45.846
AlibabaProtect     2296   8  28  741  28508     0:00:06.359     0:53:45.845
svchost            3620   8  15  336  21788     0:00:02.515     0:53:45.845
svchost            2460   8   7  255   4032     0:00:01.265     0:53:45.844
svchost            2440   8  13  326   4924     0:00:00.031     0:53:45.843
IntelCpHDCPSvc     2556   8   3  148   1500     0:00:00.000     0:53:45.837
EvtEng             3228   8  18  338   4776     0:00:00.281     0:53:45.830
FlashHelperService  3104   8  23 1005  10484     0:00:00.437     0:53:45.821
svchost            3304   8  11  414   7824     0:00:04.750     0:53:45.819
svchost            3300   8   5  230   2584     0:00:00.093     0:53:45.819
svchost            4104   8   2  124   1660     0:00:00.000     0:53:45.807
AGSService         4128   8   2  203   1980     0:00:00.125     0:53:45.806
HKClipSvc          4140   8   3   61    956     0:00:00.000     0:53:45.804
HotkeyService      4148   8   4  360   8912     0:00:00.296     0:53:45.804
ibtsiva            4232   8   1   71    952     0:00:00.015     0:53:45.791
AGMService         4244   8   3  205   3560     0:00:00.156     0:53:45.788
SangforPromoteService  4252   8  11  445   6404     0:00:01.953     0:53:45.787
nvcontainer        4264   8  29  507   8876     0:00:01.656     0:53:45.786
RegSrvc            4272   8   2  164   1964     0:00:00.000     0:53:45.784
svchost            4288   8  15  212   4416     0:00:00.046     0:53:45.764
svchost            4296   8   5  165   1964     0:00:00.078     0:53:45.764
NvTelemetryContainer  4312   8   9  298   6368     0:00:00.265     0:53:45.763
QQProtect          4320   8  21  605  22196     0:00:01.015     0:53:45.762
srvany             4352   8   1   74    840     0:00:00.015     0:53:45.754
lkads              4360   8   9  276   6160     0:00:00.156     0:53:45.754
svchost            4372   8  24  387  10060     0:00:00.562     0:53:45.753
sqlwriter          4380   8   2  128   1864     0:00:00.046     0:53:45.753
SynTPEnhService    4388   8   5  332   2480     0:00:00.031     0:53:45.753
ZeroConfigService  4412   8  12  325   4896     0:00:00.453     0:53:45.749
svchost            4420   8   3  138   1324     0:00:00.031     0:53:45.747
svchost            4428   8   8  384   4636     0:00:00.140     0:53:45.747
SecurityHealthService  4524   8   5  253   3564     0:00:00.171     0:53:45.717
svchost            4716   8   6  203   2412     0:00:00.218     0:53:45.655
svchost            4792   8   6  456   3392     0:00:00.265     0:53:45.637
svchost            4884   8   3  102   1348     0:00:00.343     0:53:45.616
ZbezjService       4900   8   1  168   3088     0:00:00.031     0:53:45.613
conhost            5004   8   4  147   5664     0:00:00.343     0:53:45.580
dasHost            5024   8   9 1345   7980     0:00:00.734     0:53:45.570
IntelCpHeciSvc     3936   8   3  125   1424     0:00:00.031     0:53:45.515
lktsrv             5400   8  14  290   6784     0:00:00.859     0:53:45.350
lkcitdl            5408   8  12  273   6944     0:00:00.140     0:53:45.348
svchost            5528   8  14  369   3528     0:00:00.125     0:53:45.283
nidmsrv            5656   8  12  273   6376     0:00:00.218     0:53:45.236
sqlceip            5676   6  12  603  37200     0:00:00.750     0:53:45.225
svchost            6244   8  11  554   3300     0:00:03.609     0:53:44.911
usysdiag           6464   8  10  145   2016     0:00:00.000     0:53:44.752
unsecapp           6640   8   4  133   1644     0:00:00.046     0:53:44.653
rerun              6392   8   5  203   7768     0:52:22.703     0:53:44.301
WmiPrvSE           6032   8   4  226   3684     0:00:00.171     0:53:44.260
conhost            6360   8   4  147   5660     0:00:00.109     0:53:44.256
SynTPEnh           8644  10  13  856  15520     0:00:05.046     0:53:34.006
nvcontainer        8828   8  23  340  11900     0:00:02.281     0:53:33.898
sihost             2404   8  15  748  16336     0:00:03.968     0:53:33.862
svchost            8936   8  11  290   7904     0:00:09.218     0:53:33.841
PresentationFontCache  5148   8   4  230  26756     0:00:00.187     0:53:33.796
svchost            8676   8   2  216   2164     0:00:00.156     0:53:33.735
svchost            9152   8   5  442   7300     0:00:00.531     0:53:33.718
taskhostw          8948   8  12  337  25012     0:00:00.984     0:53:33.626
svchost            8728   8   9  263   3432     0:00:01.593     0:53:33.548
PopBlock           9248   6   4  207  12392     0:00:00.687     0:53:33.529
svchost            9312   8   3  159   1792     0:00:00.046     0:53:33.502
ctfmon             9412  13  12  553  12472     0:00:08.671     0:53:33.449
SynTPHelper        9544  10   1   65   1036     0:00:00.015     0:53:33.413
explorer           9824   8 130 3749 116444     0:02:52.343     0:53:33.244
igfxEM             9876   8   6  554   7896     0:00:18.734     0:53:33.090
ChsIME            10088   8   2  147   1632     0:00:00.015     0:53:32.408
ShellExperienceHost  9704   8  39  977  39428     0:00:02.062     0:53:31.388
SearchUI           6676   8  54 1823 156700     0:00:25.093     0:53:30.365
RuntimeBroker     10336   8   4  433   7700     0:00:00.937     0:53:30.050
ECAgent           10392   8   5  255   6380     0:00:00.625     0:53:29.979
svchost           10692   8   7  170   2260     0:00:00.046     0:53:29.528
RuntimeBroker     10968   8  16  621   9940     0:00:03.765     0:53:29.295
SettingSyncHost   11116   6   4  566  11216     0:00:10.000     0:53:29.225
smartscreen       11204   8  22  386  18860     0:00:00.421     0:53:29.147
WindowsInternal.ComposableShell.Experiences.TextInput.InputApp  1236   8  23  829  24116     0:00:01.281     0:53:28.721
svchost           11580   8   9  271   3924     0:00:00.250     0:53:23.698
RuntimeBroker     11944   8  13  497   6164     0:00:04.703     0:53:23.252
wsctrl            12200   8   3  184   1656     0:00:00.046     0:53:22.639
NVIDIA Web Helper  4124   6  83  563  37432     0:00:01.687     0:53:19.717
HipsTray           2196   8   9  212  10052     0:00:00.546     0:53:19.354
SearchIndexer      1448   8  39 1108  35124     0:00:10.015     0:53:19.247
conhost            3384   6   2  115   5424     0:00:00.031     0:53:18.785
AppleMobileDeviceProcess 10204   8   8  214   3432     0:00:00.609     0:53:18.570
svchost           11320   8   8  196   4572     0:00:00.093     0:53:18.439
svchost            6992   8   4  488   5588     0:00:00.250     0:53:10.889
cmd                2972   6   1   57   2264     0:00:00.000     0:52:38.505
conhost            9368   6   3  124   5432     0:00:00.015     0:52:38.498
cscript            2272   6   4  243   4060     0:00:00.078     0:52:38.476
svchost            4832   8   6  194   2336     0:00:00.062     0:51:45.537
SogouImeBroker     5492   8   5  374   6624     0:00:00.234     0:51:45.382
svchost            1596   8   4  109   1420     0:00:00.000     0:51:41.825
svchost             648   8   3  183   2136     0:00:00.046     0:51:41.618
svchost           10928   8   8  424  41600     0:00:52.468     0:51:40.001
svchost            4816   8   4  405   4064     0:00:00.234     0:51:38.766
dllhost            1700   8   9  241   3172     0:00:00.406     0:51:36.752
dllhost            2300   8   2   97   1144     0:00:00.000     0:51:31.307
IAStorDataMgrSvc   5496   8   5  448  29472     0:00:01.343     0:51:22.680
jhi_service       11796   8   2  191   3652     0:00:00.093     0:51:22.398
LMS                2548   8   4  267   3120     0:00:00.187     0:51:22.110
sedsvc             9996   8   6  313   4624     0:00:00.140     0:51:20.473
SgrmBroker        11868   8   2   65   2584     0:00:00.046     0:51:20.313
svchost           13364   8   5  195   2548     0:00:00.062     0:51:16.013
svchost            3888   8   2  207   2684     0:00:00.140     0:50:47.049
ApplicationFrameHost 12196   8  19  522  17416     0:00:04.984     0:45:44.310
RuntimeBroker     12048   8  12  446  11216     0:00:01.484     0:45:43.458
svchost           13540   8  14  180   2504     0:00:00.218     0:45:42.945
audiodg           11812   8  11  562  22068     0:00:30.750     0:45:42.743
svchost           14000   8  10  216   2568     0:00:00.046     0:45:42.251
chrome            10096   8  35 1384  76056     0:00:56.765     0:44:47.557
chrome            13692   8   7  146   1676     0:00:00.078     0:44:47.131
chrome            12964   8   2  131   1956     0:00:00.046     0:44:46.739
chrome             7084  10  14  797 189328     0:00:45.421     0:44:46.535
SogouCloud        12428   8  27  588  18800     0:00:09.750     0:44:46.490
chrome            12740   8  12  410  20292     0:00:10.984     0:44:46.455
TIM               14356   8  95 1692 227000     0:02:00.781     0:39:45.048
TXPlatform        13812   8   2  204   3968     0:00:00.078     0:39:44.303
TIMApp             4456   8   9  228  11556     0:00:00.203     0:39:31.748
QQExternal        12088   8  14  396  48300     0:00:02.156     0:39:23.599
chrome             2516   8  15  328  52192     0:00:10.546     0:37:31.647
chrome             8012   8   7  256   7076     0:00:00.531     0:29:42.913
cmd                6364   8   2   53   3372     0:00:00.062     0:27:06.836
conhost            5560   8   7  378  14304     0:00:03.609     0:27:06.816
chrome            12384   4  18  343  69968     0:00:17.640     0:25:14.933
Video.UI           4192   8 167 1764 176716     0:00:27.750     0:15:27.907
Autoruns64        14316   8  15  831  43264     0:00:30.296     0:14:40.144
chrome            13204   4  14  294  37472     0:00:01.593     0:05:02.580
chrome            14024   4  13  211  12640     0:00:00.078     0:04:09.112
pslist            12224  13   8  420   9096     0:00:00.359     0:00:02.461
